a 1, 4, 5, 8, 18, 20, 41, 59, 60, 63, 70, 93, 98, 100, 104, 108, 113, 114, 116, 117
able 67
afraid 59, 88
after 46
afterwards 91
again 25, 33, 36, 41, 48, 57, 65, 112, 118
against 96
ah 21, 60, 63
ails 17
all 2, 35, 37, 51, 96
almost 83
am 22, 26, 84, 94
an 5
and 5, 6, 7, 8, 13, 14, 16, 17, 20, 23, 26, 28, 29, 30, 31, 32, 37, 41, 42, 43, 44, 47, 50, 51, 53, 57, 58, 65, 66, 68, 70, 76, 77, 80, 84, 85, 86, 89, 90, 93, 94, 96, 98, 99, 101, 102, 104, 106, 107, 110, 112, 113, 115, 117, 118, 119, 121
angry 90, 96
answered 23, 27
any 38
are 58
as 17, 45, 46, 63, 94, 114
astonished 3
at 15, 29, 50, 53, 78, 84, 95
ate 83
avail 45
away 44, 60
awoke 104
back 36, 48
ball 8, 9, 11, 22, 32, 36, 42, 64
band 116
bands 109, 120
be 15, 16, 23, 29, 38, 66, 67, 80, 91, 97, 109
beating 58
beautiful 2, 98
because 65, 66, 112, 121
bed 31, 85, 90, 94
been 100, 108
began 16, 88
behind 107, 112, 114
being 38
below 32
beside 78
bewitched 100
beyond 13
big 21
bored 7
both 86, 112
bottom 15
breaking 115, 120
bring 24, 32, 35
broken 114
brought 65
burst 110
but 2, 13, 14, 24, 28, 35, 36, 40, 45, 47, 55, 60, 67, 82, 83, 90, 93, 97, 98, 101, 120
by 4, 7, 29, 64, 72, 77, 92, 99, 100
came 20, 41, 52, 105
can 24, 38, 45
care 27
carriage 105, 110, 115, 116, 120
carried 93
carry 60, 85
castle 4
caught 8
caused 109
chains 107
chair 77, 79
changed 108
child 6, 58
choked 83
clean 90
close 4
clothes 26, 27
cold 88
come 67, 68
comforted 17
commanded 79
companion 29, 38, 67, 99
conduct 111
cool 7, 72
corner 93
could 15, 16, 46, 101
courtiers 51
cracked 119
cracking 114
creeping 52
crept 94
cried 16, 54, 65, 70, 78, 115
croak 38, 46
crown 26, 28
cry 16, 88
cup 31
dark 4
daughter 14, 18, 43, 88
daughters 2
day 6, 50
dear 25, 63, 99
deep 15
delayed 78
delighted 43
deliverance 113
delivered 101
despised 92
did 12, 45, 46, 81, 82, 89
dinner 57
disgusting 60
do 23, 27, 71, 79, 82
does 36, 37, 63
door 53, 54, 55, 56, 71, 73, 76
down 7, 32, 41, 57, 86, 98
drink 30
driven 113
driving 105
each 119
easy 82
eat 30, 81
eaten 84
eating 51
eight 105
enjoyed 83
even 18, 26
every 83
eyes 14, 99
face 4
faithful 107, 108, 111, 121
fall 12
fallen 23
father 63, 95, 99
favorite 9
feathers 106
fell 64, 98
fellow 29
fingers 92
followed 14, 77
for 12, 22, 27, 28, 54, 65, 71, 73, 88
forced 48
forest 5, 6, 64
forgot 47
forth 21
fountain 7
free 121
frightened 57
frog 21, 24, 25, 27, 36, 40, 44, 47, 55, 61, 63, 65, 76, 79, 83, 88, 92, 97, 98, 109, 117
frogs 37
from 20, 21, 51, 101, 116, 121
front 56
full 112
giant 59, 60
give 24
go 32, 48, 76, 86, 102
golden 8, 11, 22, 26, 28, 30, 32, 51, 64, 81, 106
got 53
grass 42
great 4, 56, 117
grew 90
grief 110
ground 13
had 40, 50, 53, 100, 105, 108, 109, 113, 114
hand 12
happened 11
happy 122
harnessed 106
has 3, 23
haste 56
have 25, 75, 84, 101
he 37, 38, 40, 46, 66, 67, 68, 77, 79, 80, 83, 84, 90, 94, 97, 98, 99, 100, 109, 115
head 21, 40
heads 106
heard 114
heart 58, 109, 116, 121
help 24
helped 1, 91, 111
henry 107, 108, 111, 115, 121
her 4, 9, 14, 17, 43, 46, 51, 58, 77, 79, 84, 89, 94, 96, 99, 100
herself 50, 102
high 8
him 45, 66, 76, 93, 96, 101, 114
himself 112
his 40, 42, 46, 48, 67, 102, 108, 109, 111, 121
hold 92
holding 12
home 47
hopped 76
horses 105
how 36, 100, 101
human 38
husband 100
if 24, 28, 31, 35, 114
imprisoned 118
in 1, 4, 5, 31, 37, 41, 42, 56, 64, 68, 70, 76, 77, 89, 91, 93, 112, 117, 118
insisted 66
into 6, 12, 13, 23, 40, 48, 64, 85, 102, 108, 111
iron 109
is 22, 37, 59, 60, 68, 115, 116
it 4, 8, 11, 12, 14, 22, 42, 44, 45, 47, 53, 56, 60, 65, 70, 79, 82, 110, 116, 120
its 21
itself 3
jewels 26, 28
joy 112
kind 98
king 1, 4, 6, 14, 18, 42, 50, 57, 75, 78, 88, 90, 98, 107, 111, 114, 119
kingdom 102, 111
knocked 53, 70
know 71
laid 109
lamented 17
last 78
lay 4
length 84
lest 110
let 29, 76
lie 86
lift 78, 95
like 89
lime 5
listen 47
little 12, 30, 31, 51, 81, 85, 90
lived 1
looked 20
louder 16
loudly 46
love 28
make 85
marble 52
master 108, 116, 121
may 81
me 24, 28, 29, 32, 36, 45, 54, 66, 68, 71, 72, 73, 78, 81, 85, 95
meantime 70
might 96
more 43
morning 104
morrow 102
mouth 42
mouthful 83
much 3
must 75
my 22, 25, 26, 36, 58, 64, 66, 116, 117
nearer 81
never 67
next 50, 104
no 38, 60, 98, 101, 116
nor 28
not 12, 15, 16, 23, 27, 47, 71, 82, 89, 91, 116
now 11, 68, 80, 84, 89, 97, 99
occasion 11
odious 97
of 7, 30, 56, 59, 67, 72, 88, 92, 112, 113, 121
off 30
oh 35
old 5, 21
olden 1
on 8, 11, 13, 42, 79, 80, 106, 118
once 43, 79, 118
one 1, 11, 101
only 120
open 54, 71, 73
opened 55, 76
or 95
ostrich 106
other 37
ought 91
out 6, 30, 65, 67
outside 55, 59, 68
pain 117
part 113
pearls 26, 28
perchance 59
perform 75
picked 44
pity 18
placed 112
plainly 57
plate 30, 51, 81
play 29
playing 64
plaything 9, 25, 43
poor 47
pretty 43, 90
princess 11, 54, 70, 71, 72, 73
promise 31, 35, 40
promised 66, 75
push 80
put 40, 93, 117
quiet 23, 97
quite 57
ran 44, 47, 54
ready 86
received 40
replied 60
rolled 13
room 85
round 20, 109, 115
run 45
sadness 110
said 17, 22, 25, 35, 44, 58, 72, 75, 80, 84, 90, 94, 97
sank 41
sat 7, 55, 56, 77
satisfied 84
saw 20, 57
scream 46
seated 50
second 70
see 43, 55, 82
seen 3, 15
servant 107
set 121
she 7, 12, 16, 17, 20, 22, 25, 35, 36, 46, 50, 54, 55, 56, 60, 76, 78, 81, 82, 83, 88, 89, 92, 93, 95, 97
shone 4
short 41
should 66, 110
show 18
side 7, 20
silken 85
silly 36
sit 29, 37
sitting 64
slammed 56
sleep 31, 86, 89, 94, 104
so 2, 3, 11, 15, 18, 59, 65, 66, 92, 108, 115
someone 17
something 52, 114, 119
son 98, 114, 119
soon 47
splash 52
splasher 22
springing 120
staircase 53
step 77
still 1
stone 18
stood 107
straight 13
stretching 21
sun 3, 104
table 30, 50, 80
take 44
talk 37
tell 95
terribly 95
that 3, 11, 15, 18, 58, 75, 81, 82, 102, 109
the 2, 3, 4, 5, 6, 7, 11, 12, 13, 14, 15, 20, 21, 23, 24, 26, 27, 36, 37, 40, 42, 44, 47, 50, 51, 52, 53, 54, 55, 56, 57, 64, 65, 70, 71, 72, 73, 75, 76, 78, 79, 80, 82, 88, 90, 92, 96, 101, 104, 107, 110, 111, 113, 115, 116, 118, 119, 120, 121
their 106, 119
them 104, 111
then 56, 75, 100, 104
there 1, 55, 59, 68, 77, 117
they 102, 104, 113, 118
this 8, 15, 32, 40, 82, 95, 113
thought 36, 67, 119
three 109
threw 8, 42, 96
thus 17
time 70, 119
times 1
tired 85, 94
to 13, 16, 17, 20, 37, 38, 43, 45, 47, 48, 53, 54, 56, 57, 59, 67, 68, 72, 77, 79, 81, 82, 86, 88, 89, 91, 94, 102, 104, 109, 110
together 81, 102
told 100
took 8, 83, 92, 96
top 53
touch 89
tree 5
trouble 91
turned 115
two 92
ugly 21
under 5
unhappy 108
until 78
up 8, 12, 25, 32, 41, 44, 52, 78, 95, 96, 105
upstairs 93
vanished 14
very 6
violently 58
voice 20
wait 44
wall 97
want 63, 94
wanted 79
wants 59, 68
warm 6
was 2, 3, 5, 6, 7, 9, 12, 15, 43, 47, 51, 55, 57, 58, 63, 79, 80, 82, 88, 89, 93, 95, 98, 99, 108, 110, 112, 117, 120, 121, 122
water 13, 21, 22, 37, 41, 65, 68
waters 72
way 113, 119
we 81, 86
wearing 27
weep 18, 23
weeping 22
well 5, 15, 23, 48, 64, 72, 94, 101, 118
went 6, 76, 104
were 2, 91, 106, 117, 118, 120
what 17, 24, 45, 58, 63, 71, 83
whatever 25
when 1, 5, 7, 40, 50, 53, 55, 80, 91, 93, 97, 104, 108, 113, 117
whence 20
whenever 3
which 3, 12, 23, 26, 75, 89, 105, 117, 120
while 41, 118
white 105
who 47, 55, 59, 90
whose 2
wicked 100
will 24, 25, 28, 31, 32, 35, 86, 95, 97, 99
willingly 82
wish 35
wishing 1
witch 101
with 14, 37, 42, 44, 45, 50, 63, 92, 96, 98, 105, 106, 110
would 18, 67, 102
yes 35
yesterday 63, 72
you 18, 22, 24, 25, 28, 29, 31, 32, 35, 45, 59, 60, 63, 71, 75, 78, 91, 92, 95, 97, 117
young 107, 111
youngest 2, 54, 71, 73
your 24, 27, 28, 29, 30, 31, 32, 80, 85, 95
s a
s a
s a
s a
s a
I a
I a
I a
I a
I a
I a
I a
swimmming swimming
s a
I a
t a
splish splash
splish splash
I a
I a
I a
I a
I a
I a
s a
I a
I a
I a
s a
s a
s a
s a
s a
