Levenshtein einstein
Levenshtein einstein
i a
e a
Vladimir claimer
Levenshtein einstein
Levenshtein einstein
pairwise airlike
