a 1, 2
bola 1, 2
foi fbi
chutada chuted
SERIA ceria
ARREMETIDA amreeta
